Analysis & Synthesis report for MIPS_SingleCycle
Mon Nov 18 10:15:58 2019
Quartus Prime Version 17.1.0 Build 590 10/25/2017 SJ Lite Edition


---------------------
; Table of Contents ;
---------------------
  1. Legal Notice
  2. Analysis & Synthesis Summary
  3. Analysis & Synthesis Settings
  4. Parallel Compilation
  5. Analysis & Synthesis Source Files Read
  6. Analysis & Synthesis Resource Usage Summary
  7. Analysis & Synthesis Resource Utilization by Entity
  8. General Register Statistics
  9. Parameter Settings for User Entity Instance: DP_Memory:rs_mem
 10. Parameter Settings for User Entity Instance: DP_Memory:rt_mem
 11. Post-Synthesis Netlist Statistics for Top Partition
 12. Elapsed Time Per Partition
 13. Analysis & Synthesis Messages



----------------
; Legal Notice ;
----------------
Copyright (C) 2017  Intel Corporation. All rights reserved.
Your use of Intel Corporation's design tools, logic functions 
and other software and tools, and its AMPP partner logic 
functions, and any output files from any of the foregoing 
(including device programming or simulation files), and any 
associated documentation or information are expressly subject 
to the terms and conditions of the Intel Program License 
Subscription Agreement, the Intel Quartus Prime License Agreement,
the Intel FPGA IP License Agreement, or other applicable license
agreement, including, without limitation, that your use is for
the sole purpose of programming logic devices manufactured by
Intel and sold by Intel or its authorized distributors.  Please
refer to the applicable agreement for further details.



+----------------------------------------------------------------------------------+
; Analysis & Synthesis Summary                                                     ;
+------------------------------------+---------------------------------------------+
; Analysis & Synthesis Status        ; Successful - Mon Nov 18 10:15:58 2019       ;
; Quartus Prime Version              ; 17.1.0 Build 590 10/25/2017 SJ Lite Edition ;
; Revision Name                      ; MIPS_SingleCycle                            ;
; Top-level Entity Name              ; RegFile                                     ;
; Family                             ; Cyclone IV E                                ;
; Total logic elements               ; 3,442                                       ;
;     Total combinational functions  ; 1,394                                       ;
;     Dedicated logic registers      ; 2,048                                       ;
; Total registers                    ; 2048                                        ;
; Total pins                         ; 113                                         ;
; Total virtual pins                 ; 0                                           ;
; Total memory bits                  ; 0                                           ;
; Embedded Multiplier 9-bit elements ; 0                                           ;
; Total PLLs                         ; 0                                           ;
+------------------------------------+---------------------------------------------+


+----------------------------------------------------------------------------------------------------------------------+
; Analysis & Synthesis Settings                                                                                        ;
+----------------------------------------------------------------------------+--------------------+--------------------+
; Option                                                                     ; Setting            ; Default Value      ;
+----------------------------------------------------------------------------+--------------------+--------------------+
; Device                                                                     ; EP4CE115F29C7      ;                    ;
; Top-level entity name                                                      ; RegFile            ; MIPS_SingleCycle   ;
; Family name                                                                ; Cyclone IV E       ; Cyclone V          ;
; VHDL Show LMF Mapping Messages                                             ; Off                ;                    ;
; VHDL Version                                                               ; VHDL_2008          ; VHDL_1993          ;
; Use smart compilation                                                      ; Off                ; Off                ;
; Enable parallel Assembler and TimeQuest Timing Analyzer during compilation ; On                 ; On                 ;
; Enable compact report table                                                ; Off                ; Off                ;
; Restructure Multiplexers                                                   ; Auto               ; Auto               ;
; Create Debugging Nodes for IP Cores                                        ; Off                ; Off                ;
; Preserve fewer node names                                                  ; On                 ; On                 ;
; Intel FPGA IP Evaluation Mode                                              ; Enable             ; Enable             ;
; Verilog Version                                                            ; Verilog_2001       ; Verilog_2001       ;
; State Machine Processing                                                   ; Auto               ; Auto               ;
; Safe State Machine                                                         ; Off                ; Off                ;
; Extract Verilog State Machines                                             ; On                 ; On                 ;
; Extract VHDL State Machines                                                ; On                 ; On                 ;
; Ignore Verilog initial constructs                                          ; Off                ; Off                ;
; Iteration limit for constant Verilog loops                                 ; 5000               ; 5000               ;
; Iteration limit for non-constant Verilog loops                             ; 250                ; 250                ;
; Add Pass-Through Logic to Inferred RAMs                                    ; On                 ; On                 ;
; Infer RAMs from Raw Logic                                                  ; On                 ; On                 ;
; Parallel Synthesis                                                         ; On                 ; On                 ;
; DSP Block Balancing                                                        ; Auto               ; Auto               ;
; NOT Gate Push-Back                                                         ; On                 ; On                 ;
; Power-Up Don't Care                                                        ; On                 ; On                 ;
; Remove Redundant Logic Cells                                               ; Off                ; Off                ;
; Remove Duplicate Registers                                                 ; On                 ; On                 ;
; Ignore CARRY Buffers                                                       ; Off                ; Off                ;
; Ignore CASCADE Buffers                                                     ; Off                ; Off                ;
; Ignore GLOBAL Buffers                                                      ; Off                ; Off                ;
; Ignore ROW GLOBAL Buffers                                                  ; Off                ; Off                ;
; Ignore LCELL Buffers                                                       ; Off                ; Off                ;
; Ignore SOFT Buffers                                                        ; On                 ; On                 ;
; Limit AHDL Integers to 32 Bits                                             ; Off                ; Off                ;
; Optimization Technique                                                     ; Balanced           ; Balanced           ;
; Carry Chain Length                                                         ; 70                 ; 70                 ;
; Auto Carry Chains                                                          ; On                 ; On                 ;
; Auto Open-Drain Pins                                                       ; On                 ; On                 ;
; Perform WYSIWYG Primitive Resynthesis                                      ; Off                ; Off                ;
; Auto ROM Replacement                                                       ; On                 ; On                 ;
; Auto RAM Replacement                                                       ; On                 ; On                 ;
; Auto DSP Block Replacement                                                 ; On                 ; On                 ;
; Auto Shift Register Replacement                                            ; Auto               ; Auto               ;
; Allow Shift Register Merging across Hierarchies                            ; Auto               ; Auto               ;
; Auto Clock Enable Replacement                                              ; On                 ; On                 ;
; Strict RAM Replacement                                                     ; Off                ; Off                ;
; Allow Synchronous Control Signals                                          ; On                 ; On                 ;
; Force Use of Synchronous Clear Signals                                     ; Off                ; Off                ;
; Auto RAM Block Balancing                                                   ; On                 ; On                 ;
; Auto RAM to Logic Cell Conversion                                          ; Off                ; Off                ;
; Auto Resource Sharing                                                      ; Off                ; Off                ;
; Allow Any RAM Size For Recognition                                         ; Off                ; Off                ;
; Allow Any ROM Size For Recognition                                         ; Off                ; Off                ;
; Allow Any Shift Register Size For Recognition                              ; Off                ; Off                ;
; Use LogicLock Constraints during Resource Balancing                        ; On                 ; On                 ;
; Ignore translate_off and synthesis_off directives                          ; Off                ; Off                ;
; Timing-Driven Synthesis                                                    ; On                 ; On                 ;
; Report Parameter Settings                                                  ; On                 ; On                 ;
; Report Source Assignments                                                  ; On                 ; On                 ;
; Report Connectivity Checks                                                 ; On                 ; On                 ;
; Ignore Maximum Fan-Out Assignments                                         ; Off                ; Off                ;
; Synchronization Register Chain Length                                      ; 2                  ; 2                  ;
; Power Optimization During Synthesis                                        ; Normal compilation ; Normal compilation ;
; HDL message level                                                          ; Level2             ; Level2             ;
; Suppress Register Optimization Related Messages                            ; Off                ; Off                ;
; Number of Removed Registers Reported in Synthesis Report                   ; 5000               ; 5000               ;
; Number of Swept Nodes Reported in Synthesis Report                         ; 5000               ; 5000               ;
; Number of Inverted Registers Reported in Synthesis Report                  ; 100                ; 100                ;
; Clock MUX Protection                                                       ; On                 ; On                 ;
; Auto Gated Clock Conversion                                                ; Off                ; Off                ;
; Block Design Naming                                                        ; Auto               ; Auto               ;
; SDC constraint protection                                                  ; Off                ; Off                ;
; Synthesis Effort                                                           ; Auto               ; Auto               ;
; Shift Register Replacement - Allow Asynchronous Clear Signal               ; On                 ; On                 ;
; Pre-Mapping Resynthesis Optimization                                       ; Off                ; Off                ;
; Analysis & Synthesis Message Level                                         ; Medium             ; Medium             ;
; Disable Register Merging Across Hierarchies                                ; Auto               ; Auto               ;
; Resource Aware Inference For Block RAM                                     ; On                 ; On                 ;
+----------------------------------------------------------------------------+--------------------+--------------------+


+------------------------------------------+
; Parallel Compilation                     ;
+----------------------------+-------------+
; Processors                 ; Number      ;
+----------------------------+-------------+
; Number detected on machine ; 4           ;
; Maximum allowed            ; 2           ;
;                            ;             ;
; Average used               ; 1.00        ;
; Maximum used               ; 2           ;
;                            ;             ;
; Usage by Processor         ; % Time Used ;
;     Processor 1            ; 100.0%      ;
;     Processor 2            ;   0.0%      ;
+----------------------------+-------------+


+-----------------------------------------------------------------------------------------------------------------------------------+
; Analysis & Synthesis Source Files Read                                                                                            ;
+----------------------------------+-----------------+-----------------+--------------------------------------------------+---------+
; File Name with User-Entered Path ; Used in Netlist ; File Type       ; File Name with Absolute Path                     ; Library ;
+----------------------------------+-----------------+-----------------+--------------------------------------------------+---------+
; RegFile.vhd                      ; yes             ; User VHDL File  ; C:/intelFPGA_lite/17.1/AC-I/aula_8/RegFile.vhd   ;         ;
; DP_Memory.vhd                    ; yes             ; User VHDL File  ; C:/intelFPGA_lite/17.1/AC-I/aula_8/DP_Memory.vhd ;         ;
+----------------------------------+-----------------+-----------------+--------------------------------------------------+---------+


+---------------------------------------------------------+
; Analysis & Synthesis Resource Usage Summary             ;
+---------------------------------------------+-----------+
; Resource                                    ; Usage     ;
+---------------------------------------------+-----------+
; Estimated Total logic elements              ; 3,442     ;
;                                             ;           ;
; Total combinational functions               ; 1394      ;
; Logic element usage by number of LUT inputs ;           ;
;     -- 4 input functions                    ; 1362      ;
;     -- 3 input functions                    ; 32        ;
;     -- <=2 input functions                  ; 0         ;
;                                             ;           ;
; Logic elements by mode                      ;           ;
;     -- normal mode                          ; 1394      ;
;     -- arithmetic mode                      ; 0         ;
;                                             ;           ;
; Total registers                             ; 2048      ;
;     -- Dedicated logic registers            ; 2048      ;
;     -- I/O registers                        ; 0         ;
;                                             ;           ;
; I/O pins                                    ; 113       ;
;                                             ;           ;
; Embedded Multiplier 9-bit elements          ; 0         ;
;                                             ;           ;
; Maximum fan-out node                        ; clk~input ;
; Maximum fan-out                             ; 2048      ;
; Total fan-out                               ; 11865     ;
; Average fan-out                             ; 3.23      ;
+---------------------------------------------+-----------+


+----------------------------------------------------------------------------------------------------------------------------------------------------------------------------------------------------------------+
; Analysis & Synthesis Resource Utilization by Entity                                                                                                                                                            ;
+----------------------------+---------------------+---------------------------+-------------+--------------+---------+-----------+------+--------------+---------------------------+-------------+--------------+
; Compilation Hierarchy Node ; Combinational ALUTs ; Dedicated Logic Registers ; Memory Bits ; DSP Elements ; DSP 9x9 ; DSP 18x18 ; Pins ; Virtual Pins ; Full Hierarchy Name       ; Entity Name ; Library Name ;
+----------------------------+---------------------+---------------------------+-------------+--------------+---------+-----------+------+--------------+---------------------------+-------------+--------------+
; |RegFile                   ; 1394 (0)            ; 2048 (0)                  ; 0           ; 0            ; 0       ; 0         ; 113  ; 0            ; |RegFile                  ; RegFile     ; work         ;
;    |DP_Memory:rs_mem|      ; 721 (721)           ; 1024 (1024)               ; 0           ; 0            ; 0       ; 0         ; 0    ; 0            ; |RegFile|DP_Memory:rs_mem ; DP_Memory   ; work         ;
;    |DP_Memory:rt_mem|      ; 673 (673)           ; 1024 (1024)               ; 0           ; 0            ; 0       ; 0         ; 0    ; 0            ; |RegFile|DP_Memory:rt_mem ; DP_Memory   ; work         ;
+----------------------------+---------------------+---------------------------+-------------+--------------+---------+-----------+------+--------------+---------------------------+-------------+--------------+
Note: For table entries with two numbers listed, the numbers in parentheses indicate the number of resources of the given type used by the specific entity alone. The numbers listed outside of parentheses indicate the total resources of the given type used by the specific entity and all of its sub-entities in the hierarchy.


+------------------------------------------------------+
; General Register Statistics                          ;
+----------------------------------------------+-------+
; Statistic                                    ; Value ;
+----------------------------------------------+-------+
; Total registers                              ; 2048  ;
; Number of registers using Synchronous Clear  ; 0     ;
; Number of registers using Synchronous Load   ; 0     ;
; Number of registers using Asynchronous Clear ; 0     ;
; Number of registers using Asynchronous Load  ; 0     ;
; Number of registers using Clock Enable       ; 2048  ;
; Number of registers using Preset             ; 0     ;
+----------------------------------------------+-------+


+---------------------------------------------------------------+
; Parameter Settings for User Entity Instance: DP_Memory:rs_mem ;
+----------------+-------+--------------------------------------+
; Parameter Name ; Value ; Type                                 ;
+----------------+-------+--------------------------------------+
; word_bits      ; 32    ; Signed Integer                       ;
; addr_bits      ; 5     ; Signed Integer                       ;
+----------------+-------+--------------------------------------+
Note: In order to hide this table in the UI and the text report file, please set the "Show Parameter Settings in Synthesis Report" option in "Analysis and Synthesis Settings -> More Settings" to "Off".


+---------------------------------------------------------------+
; Parameter Settings for User Entity Instance: DP_Memory:rt_mem ;
+----------------+-------+--------------------------------------+
; Parameter Name ; Value ; Type                                 ;
+----------------+-------+--------------------------------------+
; word_bits      ; 32    ; Signed Integer                       ;
; addr_bits      ; 5     ; Signed Integer                       ;
+----------------+-------+--------------------------------------+
Note: In order to hide this table in the UI and the text report file, please set the "Show Parameter Settings in Synthesis Report" option in "Analysis and Synthesis Settings -> More Settings" to "Off".


+-----------------------------------------------------+
; Post-Synthesis Netlist Statistics for Top Partition ;
+-----------------------+-----------------------------+
; Type                  ; Count                       ;
+-----------------------+-----------------------------+
; boundary_port         ; 113                         ;
; cycloneiii_ff         ; 2048                        ;
;     ENA               ; 2048                        ;
; cycloneiii_lcell_comb ; 1394                        ;
;     normal            ; 1394                        ;
;         3 data inputs ; 32                          ;
;         4 data inputs ; 1362                        ;
;                       ;                             ;
; Max LUT depth         ; 5.00                        ;
; Average LUT depth     ; 4.17                        ;
+-----------------------+-----------------------------+


+-------------------------------+
; Elapsed Time Per Partition    ;
+----------------+--------------+
; Partition Name ; Elapsed Time ;
+----------------+--------------+
; Top            ; 00:00:03     ;
+----------------+--------------+


+-------------------------------+
; Analysis & Synthesis Messages ;
+-------------------------------+
Info: *******************************************************************
Info: Running Quartus Prime Analysis & Synthesis
    Info: Version 17.1.0 Build 590 10/25/2017 SJ Lite Edition
    Info: Processing started: Mon Nov 18 10:15:35 2019
Info: Command: quartus_map --read_settings_files=on --write_settings_files=off MIPS_SingleCycle -c MIPS_SingleCycle
Warning (18236): Number of processors has not been specified which may cause overloading on shared machines.  Set the global assignment NUM_PARALLEL_PROCESSORS in your QSF to an appropriate value for best performance.
Info (20030): Parallel compilation is enabled and will use 2 of the 2 processors detected
Info (12021): Found 2 design units, including 1 entities, in source file pcupdate.vhd
    Info (12022): Found design unit 1: PCupdate-Behavioral File: C:/intelFPGA_lite/17.1/AC-I/aula_8/PCupdate.vhd Line: 16
    Info (12023): Found entity 1: PCupdate File: C:/intelFPGA_lite/17.1/AC-I/aula_8/PCupdate.vhd Line: 5
Info (12021): Found 2 design units, including 1 entities, in source file instructionmemory.vhd
    Info (12022): Found design unit 1: InstructionMemory-Behavioral File: C:/intelFPGA_lite/17.1/AC-I/aula_8/InstructionMemory.vhd Line: 13
    Info (12023): Found entity 1: InstructionMemory File: C:/intelFPGA_lite/17.1/AC-I/aula_8/InstructionMemory.vhd Line: 7
Info (12021): Found 2 design units, including 1 entities, in source file signextend.vhd
    Info (12022): Found design unit 1: SignExtend-Behavioral File: C:/intelFPGA_lite/17.1/AC-I/aula_8/SignExtend.vhd Line: 9
    Info (12023): Found entity 1: SignExtend File: C:/intelFPGA_lite/17.1/AC-I/aula_8/SignExtend.vhd Line: 4
Info (12021): Found 2 design units, including 1 entities, in source file instrsplitter.vhd
    Info (12022): Found design unit 1: InstrSplitter-Behavioral File: C:/intelFPGA_lite/17.1/AC-I/aula_8/InstrSplitter.vhd Line: 16
    Info (12023): Found entity 1: InstrSplitter File: C:/intelFPGA_lite/17.1/AC-I/aula_8/InstrSplitter.vhd Line: 4
Info (12021): Found 2 design units, including 1 entities, in source file mips_single_cycle.vhd
    Info (12022): Found design unit 1: mips_single_cycle-Shell File: C:/intelFPGA_lite/17.1/AC-I/aula_8/mips_single_cycle.vhd Line: 22
    Info (12023): Found entity 1: mips_single_cycle File: C:/intelFPGA_lite/17.1/AC-I/aula_8/mips_single_cycle.vhd Line: 8
Info (12021): Found 2 design units, including 1 entities, in source file regfile.vhd
    Info (12022): Found design unit 1: RegFile-Structural File: C:/intelFPGA_lite/17.1/AC-I/aula_8/RegFile.vhd Line: 15
    Info (12023): Found entity 1: RegFile File: C:/intelFPGA_lite/17.1/AC-I/aula_8/RegFile.vhd Line: 4
Info (12021): Found 2 design units, including 1 entities, in source file dp_memory.vhd
    Info (12022): Found design unit 1: DP_Memory-Behavioral File: C:/intelFPGA_lite/17.1/AC-I/aula_8/DP_Memory.vhd Line: 19
    Info (12023): Found entity 1: DP_Memory File: C:/intelFPGA_lite/17.1/AC-I/aula_8/DP_Memory.vhd Line: 5
Info (12021): Found 2 design units, including 1 entities, in source file alu32.vhd
    Info (12022): Found design unit 1: ALU32-Behavioral File: C:/intelFPGA_lite/17.1/AC-I/aula_8/ALU32.vhd Line: 14
    Info (12023): Found entity 1: ALU32 File: C:/intelFPGA_lite/17.1/AC-I/aula_8/ALU32.vhd Line: 5
Info (12021): Found 2 design units, including 1 entities, in source file alucontrol.vhd
    Info (12022): Found design unit 1: ALUControlUnit-Behavioral File: C:/intelFPGA_lite/17.1/AC-I/aula_8/ALUcontrol.vhd Line: 10
    Info (12023): Found entity 1: ALUControlUnit File: C:/intelFPGA_lite/17.1/AC-I/aula_8/ALUcontrol.vhd Line: 4
Info (12021): Found 2 design units, including 1 entities, in source file mux2n.vhd
    Info (12022): Found design unit 1: Mux2N-Behavioral File: C:/intelFPGA_lite/17.1/AC-I/aula_8/Mux2N.vhd Line: 12
    Info (12023): Found entity 1: Mux2N File: C:/intelFPGA_lite/17.1/AC-I/aula_8/Mux2N.vhd Line: 4
Info (12021): Found 2 design units, including 0 entities, in source file mips_pkg.vhd
    Info (12022): Found design unit 1: MIPS_pkg File: C:/intelFPGA_lite/17.1/AC-I/aula_8/MIPS_pkg.vhd Line: 10
    Info (12022): Found design unit 2: MIPS_pkg-body File: C:/intelFPGA_lite/17.1/AC-I/aula_8/MIPS_pkg.vhd Line: 17
Info (12021): Found 2 design units, including 0 entities, in source file displayunit_pkg.vhd
    Info (12022): Found design unit 1: DisplayUnit_pkg File: C:/intelFPGA_lite/17.1/AC-I/aula_8/DisplayUnit_pkg.vhd Line: 13
    Info (12022): Found design unit 2: DisplayUnit_pkg-body File: C:/intelFPGA_lite/17.1/AC-I/aula_8/DisplayUnit_pkg.vhd Line: 31
Info (12021): Found 2 design units, including 1 entities, in source file debounceunit.vhd
    Info (12022): Found design unit 1: DebounceUnit-Behavioral File: C:/intelFPGA_lite/17.1/AC-I/aula_8/DebounceUnit.vhd Line: 21
    Info (12023): Found entity 1: DebounceUnit File: C:/intelFPGA_lite/17.1/AC-I/aula_8/DebounceUnit.vhd Line: 11
Info (12021): Found 2 design units, including 1 entities, in source file displayunit.vhd
    Info (12022): Found design unit 1: DisplayUnit-Behavioral File: C:/intelFPGA_lite/17.1/AC-I/aula_8/DisplayUnit.vhd Line: 37
    Info (12023): Found entity 1: DisplayUnit File: C:/intelFPGA_lite/17.1/AC-I/aula_8/DisplayUnit.vhd Line: 14
Info (12127): Elaborating entity "RegFile" for the top level hierarchy
Info (12129): Elaborating entity "DP_Memory" using architecture "A:behavioral" for hierarchy "DP_Memory:rs_mem" File: C:/intelFPGA_lite/17.1/AC-I/aula_8/RegFile.vhd Line: 17
Info (276014): Found 2 instances of uninferred RAM logic
    Info (276007): RAM logic "DP_Memory:rs_mem|s_memory" is uninferred due to asynchronous read logic File: C:/intelFPGA_lite/17.1/AC-I/aula_8/DP_Memory.vhd Line: 22
    Info (276007): RAM logic "DP_Memory:rt_mem|s_memory" is uninferred due to asynchronous read logic File: C:/intelFPGA_lite/17.1/AC-I/aula_8/DP_Memory.vhd Line: 22
Info (286030): Timing-Driven Synthesis is running
Info (16010): Generating hard_block partition "hard_block:auto_generated_inst"
    Info (16011): Adding 0 node(s), including 0 DDIO, 0 PLL, 0 transceiver and 0 LCELL
Info (21057): Implemented 3555 device resources after synthesis - the final resource count might be different
    Info (21058): Implemented 49 input pins
    Info (21059): Implemented 64 output pins
    Info (21061): Implemented 3442 logic cells
Info: Quartus Prime Analysis & Synthesis was successful. 0 errors, 1 warning
    Info: Peak virtual memory: 4783 megabytes
    Info: Processing ended: Mon Nov 18 10:15:58 2019
    Info: Elapsed time: 00:00:23
    Info: Total CPU time (on all processors): 00:00:41


